[myhometheme.net/agent/index.html]
[myhometheme.net/agent/wp-content/cache/minify/84ed0.css]
[backblue.gif]
[fade.gif]
[index.html]
[myhometheme.net/agent/wp-content/cache/minify/99826.js]
[myhometheme.net/agent/wp-content/cache/minify/d9e93.js]
[www.google.com/recaptcha/api68b3.js]
[myhometheme.net/agent/feed/index.html]
[myhometheme.net/agent/comments/feed/index.html]
[myhometheme.net/agent/wp-json/wp/v2/pages/1866.json]
[myhometheme.net/agent/wp-json/index.html]
[myhometheme.net/agent/xmlrpc0db0.php]
[myhometheme.net/agent/wp-includes/wlwmanifest.xml]
[myhometheme.net/agent/wp-json/oembed/1.0/embede224.json]
[myhometheme.net/agent/wp-json/oembed/1.0/embed6400]
[myhometheme.net/agent/wp-content/uploads/2018/07/multiple-homes-dark38ed.jpg]
[myhometheme.net/agent/wp-content/uploads/2017/03/logo-40-white.png]
[myhometheme.net/agent/wp-content/uploads/2018/07/agent-video-new-img.jpg]
[myhometheme.net/agent/property-slider/index.html]
[myhometheme.net/agent/wp-content/uploads/2017/03/logo-50-white.png]
[myhometheme.net/cdn-cgi/scripts/5c5dd728/cloudflare-static/email-decode.min.js]
[myhometheme.net/agent/wp-content/cache/minify/1117c.js]
[myhometheme.net/agent/wp-content/cache/minify/fada9.js]
[myhometheme.net/agent/wp-content/cache/minify/0a976.js]
[myhometheme.net/agent/wp-content/cache/minify/741fe.js]
[myhometheme.net/agent/wp-content/plugins/easy-social-share-buttons3/assets/js/essb-core.min.js]
[myhometheme.net/agent/index.html]
[ajax.cloudflare.com/cdn-cgi/scripts/7089c43e/cloudflare-static/rocket-loader.min.js]
[myhometheme.net/agent/property-slider-v2/index.html]
[myhometheme.net/agent/property-slider-v3/index.html]
[myhometheme.net/agent/slider-search-form/index.html]
[myhometheme.net/agent/map-search-form/index.html]
[myhometheme.net/agent/wp-content/plugins/contact-form-7/assets/ajax-loader.gif]
[myhometheme.net/agent/wp-content/plugins/revslider/public/assets/fonts/revicons/revicons90c6.eot]
[myhometheme.net/agent/wp-content/plugins/revslider/public/assets/fonts/revicons/revicons90c6.woff]
[myhometheme.net/agent/map-multiple-cities/index.html]
[myhometheme.net/agent/map-list-integrated/index.html]
[myhometheme.net/agent/wp-content/plugins/revslider/public/assets/fonts/revicons/revicons90c6.ttf]
[myhometheme.net/agent/wp-content/plugins/revslider/public/assets/fonts/revicons/revicons90c6.svg]
[myhometheme.net/agent/map-no-search-form/index.html]
[myhometheme.net/agent/image-property-listings/index.html]
[myhometheme.net/agent/wp-content/plugins/revslider/public/assets/assets/gridtile.png]
[myhometheme.net/agent/video-property-listing/index.html]
[myhometheme.net/agent/wp-content/plugins/revslider/public/assets/assets/gridtile_white.png]
[myhometheme.net/agent/video-search-form/index.html]
[myhometheme.net/agent/wp-content/plugins/revslider/public/assets/assets/gridtile_3x3.png]
[myhometheme.net/agent/wp-content/plugins/revslider/public/assets/assets/gridtile_3x3_white.png]
[myhometheme.net/agent/city-neighborhood-street/index.html]
[myhometheme.net/agent/predefined-search-form-fields/index.html]
[myhometheme.net/agent/advanced-search-form/index.html]
[myhometheme.net/agent/wp-content/plugins/revslider/public/assets/assets/coloredbg.png]
[myhometheme.net/agent/wp-content/plugins/revslider/public/assets/assets/loader.gif]
[myhometheme.net/agent/wp-content/plugins/woocommerce/assets/fonts/star.eot]
[myhometheme.net/agent/wp-content/plugins/woocommerce/assets/fonts/stard41d.eot]
[myhometheme.net/agent/blog/index.html]
[myhometheme.net/agent/wp-content/plugins/woocommerce/assets/fonts/star.woff]
[myhometheme.net/agent/our-team/index.html]
[myhometheme.net/agent/wp-content/plugins/woocommerce/assets/fonts/star.ttf]
[myhometheme.net/agent/wp-content/plugins/woocommerce/assets/fonts/star.svg]
[myhometheme.net/agent/wp-content/plugins/woocommerce/assets/fonts/WooCommerce.eot]
[myhometheme.net/agent/wp-content/plugins/woocommerce/assets/fonts/WooCommerced41d.eot]
[myhometheme.net/agent/wp-content/plugins/woocommerce/assets/fonts/WooCommerce.woff]
[myhometheme.net/agent/wp-content/plugins/woocommerce/assets/fonts/WooCommerce.ttf]
[myhometheme.net/agent/agent/adam-jarod/index.html]
[myhometheme.net/agent/wp-content/plugins/woocommerce/assets/fonts/WooCommerce.svg]
[myhometheme.net/agent/wp-content/plugins/woocommerce/assets/images/icons/loader.svg]
[myhometheme.net/agent/wp-content/plugins/woocommerce/assets/images/icons/credit-cards/visa.svg]
[myhometheme.net/agent/agency/myhome-agency/index.html]
[myhometheme.net/agent/wp-content/plugins/woocommerce/assets/images/icons/credit-cards/mastercard.svg]
[myhometheme.net/agent/about-me/index.html]
[myhometheme.net/agent/about-us/index.html]
[myhometheme.net/agent/wp-content/plugins/woocommerce/assets/images/icons/credit-cards/laser.svg]
[myhometheme.net/agent/contact/index.html]
[myhometheme.net/agent/wp-content/plugins/woocommerce/assets/images/icons/credit-cards/diners.svg]
[myhometheme.net/agent/wp-content/plugins/woocommerce/assets/images/icons/credit-cards/maestro.svg]
[myhometheme.net/agent/wp-content/plugins/woocommerce/assets/images/icons/credit-cards/jcb.svg]
[myhometheme.net/agent/wp-content/plugins/woocommerce/assets/images/icons/credit-cards/amex.svg]
[myhometheme.net/agent/wp-content/plugins/woocommerce/assets/images/icons/credit-cards/discover.svg]
[myhometheme.net/agent/wp-content/themes/myhome/assets/fonts/fontawesome-webfont3e6e.eot]
[myhometheme.net/agent/wp-content/themes/myhome/assets/fonts/fontawesome-webfontd41d.eot]
[myhometheme.net/agent/featured/index.html]
[myhometheme.net/agent/wp-content/themes/myhome/assets/fonts/fontawesome-webfont3e6e.woff2]
[myhometheme.net/agent/wp-content/themes/myhome/assets/fonts/fontawesome-webfont3e6e.woff]
[myhometheme.net/agent/wp-content/themes/myhome/assets/fonts/fontawesome-webfont3e6e.ttf]
[myhometheme.net/agent/wp-content/themes/myhome/assets/fonts/fontawesome-webfont3e6e.svg]
[myhometheme.net/agent/wp-content/themes/myhome/assets/images/tick2696.svg]
[myhometheme.net/agent/wp-content/themes/myhome/assets/images/gradient-dark.png]
[myhometheme.net/agent/wp-content/themes/myhome/assets/images/close.png]
[myhometheme.net/agent/wp-content/themes/myhome/assets/fonts/Flaticon.eot]
[myhometheme.net/agent/wp-content/themes/myhome/assets/fonts/Flaticond41d.eot]
[myhometheme.net/agent/home-valuation/index.html]
[myhometheme.net/agent/wp-content/themes/myhome/assets/fonts/Flaticon.woff]
[myhometheme.net/agent/wp-content/themes/myhome/.assets/fonts/Flaticon.ttf]
[myhometheme.net/agent/wp-content/themes/myhome/assets/fonts/Flaticon.svg]
[myhometheme.net/agent/sample-page/index.html]
[myhometheme.net/agent/social-share-buttons/index.html]
[myhometheme.net/agent/typography/index.html]
[myhometheme.net/agent/wp-content/themes/myhome/assets/images/close-small.png]
[myhometheme.net/agent/wp-content/themes/myhome/assets/images/twitter.png]
[myhometheme.net/agent/property-type/apartment/index.html]
[myhometheme.net/agent/wp-content/plugins/easy-social-share-buttons3/assets/fonts/essb.eot]
[myhometheme.net/agent/property-type/house/index.html]
[myhometheme.net/agent/wp-content/plugins/easy-social-share-buttons3/assets/fonts/essbd41d.eot]
[myhometheme.net/agent/wp-content/plugins/easy-social-share-buttons3/assets/fonts/essb.woff]
[myhometheme.net/agent/wp-content/plugins/easy-social-share-buttons3/assets/fonts/essb.ttf]
[myhometheme.net/agent/wp-content/plugins/easy-social-share-buttons3/assets/fonts/essb.svg]
[myhometheme.net/agent/property-type/office/index.html]
[myhometheme.net/agent/wp-content/plugins/js_composer/assets/vc/alert.png]
[myhometheme.net/agent/properties/office/chicago/affordable-office-space/index.html]
[myhometheme.net/agent/properties/apartment/chicago/modern-apartment-in-the-city-center/index.html]
[myhometheme.net/agent/wp-content/plugins/js_composer/assets/vc/info.png]
[myhometheme.net/agent/properties/house/chicago/elegant-studio-flat/index.html]
[myhometheme.net/agent/wp-content/plugins/js_composer/assets/vc/tick.png]
[myhometheme.net/agent/wp-content/plugins/js_composer/assets/vc/exclamation.png]
[myhometheme.net/agent/wp-content/plugins/js_composer/assets/images/icons/address-book.png]
[myhometheme.net/agent/wp-content/plugins/js_composer/assets/images/icons/alarm-clock.png]
[myhometheme.net/agent/wp-content/plugins/js_composer/assets/images/icons/anchor.png]
[myhometheme.net/agent/properties/apartment/new-york/scandinavian-style-apartment/index.html]
[myhometheme.net/agent/wp-content/plugins/js_composer/assets/images/icons/application-image.png]
[myhometheme.net/agent/wp-content/plugins/js_composer/assets/images/icons/arrow.png]
[myhometheme.net/agent/wp-content/plugins/js_composer/assets/images/icons/asterisk.png]
[myhometheme.net/agent/properties/apartment/chicago/flat-in-the-tenement-house/index.html]
[myhometheme.net/agent/wp-content/plugins/js_composer/assets/images/icons/auction-hammer.png]
[myhometheme.net/agent/properties/house/chicago/modern-house-with-the-great-view/index.html]
[myhometheme.net/agent/wp-content/plugins/js_composer/assets/images/icons/balloon.png]
[myhometheme.net/agent/wp-content/plugins/js_composer/assets/images/icons/balloon-buzz.png]
[myhometheme.net/agent/properties/apartment/chicago/modern-and-sunny-apartment/index.html]
[myhometheme.net/agent/wp-content/plugins/js_composer/assets/images/icons/balloon-facebook.png]
[myhometheme.net/agent/wp-content/plugins/js_composer/assets/images/icons/balloon-twitter.png]
[myhometheme.net/agent/properties/house/new-york/summer-house-with-a-pole/index.html]
[myhometheme.net/agent/wp-content/plugins/js_composer/assets/images/icons/battery-full.png]
[myhometheme.net/agent/wp-content/plugins/js_composer/assets/images/icons/binocular.png]
[myhometheme.net/agent/wp-content/plugins/js_composer/assets/images/icons/blue-document-excel.png]
[myhometheme.net/agent/wp-content/plugins/js_composer/assets/images/icons/blue-document-image.png]
[myhometheme.net/agent/properties/office/chicago/great-small-office/index.html]
[myhometheme.net/agent/properties/apartment/new-york/simple-small-apartment/index.html]
[myhometheme.net/agent/wp-content/plugins/js_composer/assets/images/icons/blue-document-music.png]
[myhometheme.net/agent/properties/house/new-york/colonial-style-villa/index.html]
[myhometheme.net/agent/wp-content/plugins/js_composer/assets/images/icons/blue-document-office.png]
[myhometheme.net/agent/offer-type/sold/index.html]
[myhometheme.net/agent/properties/office/new-york/huge-office-space/index.html]
[myhometheme.net/agent/2017/10/index.html]
[myhometheme.net/agent/wp-content/plugins/js_composer/assets/images/icons/blue-document-pdf.png]
[myhometheme.net/agent/wp-content/plugins/js_composer/assets/images/icons/blue-document-powerpoint.png]
[myhometheme.net/agent/2017/09/index.html]
[myhometheme.net/agent/wp-content/plugins/js_composer/assets/images/icons/blue-document-word.png]
[myhometheme.net/agent/2017/07/index.html]
[myhometheme.net/agent/wp-content/plugins/js_composer/assets/images/icons/bookmark.png]
[myhometheme.net/agent/2017/08/index.html]
[myhometheme.net/agent/wp-content/plugins/js_composer/assets/images/icons/camcorder.png]
[myhometheme.net/agent/wp-content/plugins/js_composer/assets/images/icons/camera.png]
[myhometheme.net/agent/features/air-conditioning/index.html]
[myhometheme.net/agent/wp-content/plugins/js_composer/assets/images/icons/chart.png]
[myhometheme.net/agent/wp-content/plugins/js_composer/assets/images/icons/chart-pie.png]
[myhometheme.net/agent/features/dishwasher/index.html]
[myhometheme.net/agent/features/ceiling-fan/index.html]
[myhometheme.net/agent/wp-content/plugins/js_composer/assets/images/icons/clock.png]
[myhometheme.net/agent/wp-content/plugins/js_composer/assets/images/icons/control.png]
[myhometheme.net/agent/features/fireplace/index.html]
[myhometheme.net/agent/wp-content/plugins/js_composer/assets/images/icons/fire.png]
[myhometheme.net/agent/features/high-ceilings/index.html]
[myhometheme.net/agent/features/microwave/index.html]
[myhometheme.net/agent/wp-content/plugins/js_composer/assets/images/icons/heart.png]
[myhometheme.net/agent/features/porch/index.html]
[myhometheme.net/agent/features/patio/index.html]
[myhometheme.net/agent/wp-content/plugins/js_composer/assets/images/icons/mail.png]
[myhometheme.net/agent/features/refrigerator/index.html]
[myhometheme.net/agent/wp-content/plugins/js_composer/assets/images/icons/plus-shield.png]
[myhometheme.net/agent/wp-content/plugins/js_composer/assets/images/icons/video.png]
[myhometheme.net/agent/features/wifi/index.html]
[myhometheme.net/agent/wp-content/plugins/js_composer/assets/fonts/vc_icons_v2/fonts/vcpb-plugin-iconsb82a.eot]
[myhometheme.net/agent/wp-content/plugins/js_composer/assets/fonts/vc_icons_v2/fonts/vcpb-plugin-iconsb82a.ttf]
[myhometheme.net/agent/wp-content/plugins/js_composer/assets/fonts/vc_icons_v2/fonts/vcpb-plugin-iconsb82a.woff]
[myhometheme.net/agent/wp-content/plugins/js_composer/assets/fonts/vc_icons_v2/fonts/vcpb-plugin-iconsb82a.svg]
[myhometheme.net/agent/wp-content/plugins/js_composer/assets/images/toggle_open.png]
[myhometheme.net/agent/wp-content/plugins/js_composer/assets/images/toggle_close.png]
[myhometheme.net/agent/wp-content/plugins/js_composer/assets/images/flickr.png]
[myhometheme.net/agent/wp-content/plugins/js_composer/assets/vc/blur.svg]
[myhometheme.net/agent/wp-content/plugins/js_composer/assets/fonts/vc_grid/vc_grid_v157a1.eot]
[myhometheme.net/agent/wp-content/plugins/js_composer/assets/fonts/vc_grid/vc_grid_v1d41d.eot]
[myhometheme.net/agent/wp-content/plugins/js_composer/assets/fonts/vc_grid/vc_grid_v157a1.woff]
[myhometheme.net/agent/wp-content/plugins/js_composer/assets/fonts/vc_grid/vc_grid_v157a1.ttf]
[myhometheme.net/agent/wp-content/plugins/js_composer/assets/fonts/vc_grid/vc_grid_v157a1.svg]
[myhometheme.net/agent/wp-content/plugins/js_composer/assets/images/spinner.gif]
[myhometheme.net/agent/wp-content/plugins/js_composer/assets/vc/remove.png]
[myhometheme.net/agent/wp-content/cache/minify/84ed0.css]
[www.googletagmanager.com/gtm5445.html]
[myhometheme.net/agent/xmlrpc.php]
[myhometheme.net/agent/wp-json/wp/v2/pages/5.json]
[myhometheme.net/agent/wp-json/oembed/1.0/embed4fb5.json]
[myhometheme.net/agent/wp-json/oembed/1.0/embedce10]
[myhometheme.net/agent/wp-content/uploads/2018/07/inside-whiter69db.jpg]
[myhometheme.net/agent/wp-content/uploads/2017/10/logo-agent-40.png]
[myhometheme.net/agent/wp-content/uploads/2017/01/modern-apartment-in-the-city-center.jpg]
[myhometheme.net/agent/wp-content/uploads/2017/01/minimalist-and-bright-flat.jpg]
[myhometheme.net/agent/wp-content/uploads/2017/01/bright-apartment.jpg]
[myhometheme.net/agent/wp-content/uploads/2017/01/two-storey-modern-flat.jpg]
[myhometheme.net/agent/wp-content/uploads/2017/01/audiojungle.png]
[myhometheme.net/agent/wp-content/uploads/2017/01/codecanyon.png]
[myhometheme.net/agent/wp-content/uploads/2017/01/graphicriver.png]
[myhometheme.net/agent/wp-content/uploads/2017/01/photodune.png]
[myhometheme.net/agent/properties/apartment/new-york/minimalist-and-bright-flat/index.html]
[myhometheme.net/agent/properties/apartment/los-angeles/bright-apartment/index.html]
[myhometheme.net/agent/wp-content/uploads/2017/01/themeforest.png]
[myhometheme.net/agent/property-slider/index.html]
[myhometheme.net/agent/properties/house/chicago/place-perfect-for-nature-lovers/index.html]
[myhometheme.net/agent/properties/apartment/new-york/two-storey-modern-flat/index.html]
[myhometheme.net/agent/wp-json/wp/v2/pages/230.json]
[myhometheme.net/agent/agent/daniella-suzanne/index.html]
[myhometheme.net/agent/agent/erle-orval/index.html]
[myhometheme.net/agent/agent/peter-hendricks/index.html]
[myhometheme.net/agent/agent/truman-kennith/index.html]
[myhometheme.net/agent/wp-json/oembed/1.0/embed8910.json]
[myhometheme.net/agent/city/new-york/index.html]
[myhometheme.net/agent/city/los-angeles/index.html]
[myhometheme.net/agent/city/chicago/index.html]
[myhometheme.net/agent/city/seattle/index.html]
[myhometheme.net/agent/wp-json/oembed/1.0/embed3db1]
[myhometheme.net/agent/properties/index.html]
[myhometheme.net/agent/the-most-inspiring-interior-design-of-2016/index.html]
[myhometheme.net/agent/wp-content/uploads/2017/01/place-perfect-for-nature-lovers.jpg]
[myhometheme.net/agent/7-instagram-accounts-for-interior-design-enthusiasts/index.html]
[myhometheme.net/agent/wp-content/uploads/2017/01/summer-house-with-a-pole.jpg]
[myhometheme.net/agent/renovating-a-living-room-experts-share-their-secrets/index.html]
[myhometheme.net/agent/wp-content/uploads/2017/01/modern-house-with-the-great-view.jpg]
[myhometheme.net/agent/property-slider-v2/index.html]
[myhometheme.net/agent/recent-commercial-real-estate-transactions/index.html]
[myhometheme.net/agent/wp-json/wp/v2/pages/355.json]
[myhometheme.net/agent/new-home-design-books/index.html]
[myhometheme.net/agent/properties/indexd1bd.html]
[myhometheme.net/agent/properties/office/new-york/tastefully-decorarated-spacious-office/index.html]
[myhometheme.net/agent/wp-json/oembed/1.0/embede3cd.json]
[myhometheme.net/agent/properties/office/los-angeles/beautiful-co-working-space/index.html]
[myhometheme.net/agent/properties/index7649.html]
[myhometheme.net/agent/wp-json/oembed/1.0/embedceaa]
[myhometheme.net/agent/wp-content/uploads/2018/07/city-dark513b.jpg]
[myhometheme.net/agent/wp-content/uploads/2017/02/affordable-office-space.jpg]
[myhometheme.net/agent/wp-content/uploads/2017/02/tastefully-decorarated-spacious-office.jpg]
[myhometheme.net/agent/wp-content/uploads/2017/02/full-floor-office-condo.jpg]
[myhometheme.net/agent/property-slider-v3/index.html]
[myhometheme.net/agent/wp-json/wp/v2/pages/1870.json]
[myhometheme.net/agent/wp-json/oembed/1.0/embed5d59.json]
[myhometheme.net/agent/wp-json/oembed/1.0/embed83fb]
[myhometheme.net/agent/wp-content/uploads/2018/07/condo-darkdae5.jpg]
[myhometheme.net/default/wp-content/uploads/2017/10/woman-window.jpg]
[myhometheme.net/default/wp-content/uploads/2017/01/stylish-countryside-estate.jpg]
[myhometheme.net/default/wp-content/uploads/2017/01/modern-and-sunny-apartment.jpg]
[myhometheme.net/agent/slider-search-form/index.html]
[myhometheme.net/agent/panel/index.html]
[myhometheme.net/agent/wp-json/wp/v2/pages/588.json]
[myhometheme.net/agent/wp-json/oembed/1.0/embed3c50.json]
[myhometheme.net/agent/wp-json/oembed/1.0/embede696]
[myhometheme.net/agent/map-search-form/index.html]
[myhometheme.net/agent/wp-content/cache/minify/b51b1.js]
[myhometheme.net/agent/wp-json/wp/v2/pages/2455.json]
[myhometheme.net/agent/wp-json/oembed/1.0/embedf0be.json]
[myhometheme.net/agent/wp-json/oembed/1.0/embed3f74]
[myhometheme.net/agent/map-list-integrated/index.html]
[myhometheme.net/agent/wp-json/wp/v2/pages/1957.json]
[myhometheme.net/agent/wp-json/oembed/1.0/embed155f.json]
[myhometheme.net/agent/wp-json/oembed/1.0/embedb22c]
[myhometheme.net/agent/map-no-search-form/index.html]
[myhometheme.net/agent/wp-json/wp/v2/pages/139.json]
[myhometheme.net/agent/wp-json/oembed/1.0/embed25ac.json]
[myhometheme.net/agent/wp-json/oembed/1.0/embed3fde]
[myhometheme.net/agent/wp-content/uploads/2018/07/condo-light33ed.jpg]
[myhometheme.net/agent/map-multiple-cities/index.html]
[static.cloudflareinsights.com/beacon.min.js]
[myhometheme.net/agent/wp-json/wp/v2/pages/439.json]
[myhometheme.net/agent/wp-json/oembed/1.0/embed5d89.json]
[myhometheme.net/agent/wp-json/oembed/1.0/embede700]
[myhometheme.net/agent/wp-content/uploads/2017/01/seattle.jpg]
[myhometheme.net/agent/image-property-listings/index.html]
[myhometheme.net/agent/image-parallax/index.html]
[myhometheme.net/agent/wp-json/wp/v2/pages/404.json]
[myhometheme.net/agent/wp-json/oembed/1.0/embede06e.json]
[myhometheme.net/agent/wp-json/oembed/1.0/embed9300]
[myhometheme.net/agent/wp-content/uploads/2017/02/videoposter.jpg]
[myhometheme.net/agent/video-property-listing/index.html]
[myhometheme.net/agent/wp-json/wp/v2/pages/1944.json]
[myhometheme.net/agent/wp-json/oembed/1.0/embed4463.json]
[myhometheme.net/agent/wp-json/oembed/1.0/embed59f2]
[myhometheme.net/agent/wp-content/uploads/2018/07/houses-on-the-mountain-img.jpg]
[myhometheme.net/agent/video-search-form/index.html]
[myhometheme.net/agent/directory/index.html]
[myhometheme.net/agent/neighborhood/chinatown/index.html]
[myhometheme.net/agent/neighborhood/soho/index.html]
[myhometheme.net/agent/wp-json/wp/v2/pages/2199.json]
[myhometheme.net/agent/neighborhood/upper-east-side/index.html]
[myhometheme.net/agent/neighborhood/venice/index.html]
[myhometheme.net/agent/wp-json/oembed/1.0/embedba48.json]
[myhometheme.net/agent/neighborhood/wicker-park/index.html]
[myhometheme.net/agent/neighborhood/skid-row/index.html]
[myhometheme.net/agent/city-neighborhood-street/index.html]
[myhometheme.net/agent/wp-json/oembed/1.0/embeda55c]
[myhometheme.net/agent/wp-json/wp/v2/pages/2450.json]
[myhometheme.net/agent/wp-json/oembed/1.0/embed4f2a.json]
[myhometheme.net/agent/wp-json/oembed/1.0/embed0d36]
[myhometheme.net/agent/predefined-search-form-fields/index.html]
[myhometheme.net/agent/wp-json/wp/v2/pages/1836.json]
[myhometheme.net/agent/wp-json/oembed/1.0/embed131e.json]
[myhometheme.net/agent/wp-json/oembed/1.0/embedc6ca]
[myhometheme.net/agent/advanced-search-form/index.html]
[myhometheme.net/agent/wp-content/cache/minify/136e9.css]
[myhometheme.net/agent/wp-content/uploads/2017/01/Peter-Hendricks.jpg]
[connect.facebook.net/en_us/sdk.js]
[myhometheme.net/agent/blog/index.html]
[myhometheme.net/agent/blog/page/2/index.html]
[myhometheme.net/agent/wp-content/cache/minify/5608e.js]
[myhometheme.net/agent/10-brilliant-ways-to-decorate-your-home/index.html]
[myhometheme.net/agent/the-interior-design-trends/index.html]
[myhometheme.net/agent/wp-json/wp/v2/pages/1961.json]
[myhometheme.net/agent/3-ways-office-design-affects-work-productivity/index.html]
[myhometheme.net/agent/10-of-the-best-home-bloggers-to-follow-on-instagram/index.html]
[myhometheme.net/agent/6-free-sources-for-home-design-inspiration/index.html]
[myhometheme.net/agent/wp-json/oembed/1.0/embed43c5.json]
[myhometheme.net/agent/wp-json/oembed/1.0/embed16ac]
[myhometheme.net/agent/our-team/index.html]
[myhometheme.net/agent/wp-json/wp/v2/users/4.json]
[myhometheme.net/agent/agent/adam-jarod/feed/index.html]
[myhometheme.net/agent/wp-content/uploads/2017/01/Adam-Jarod-200x200.jpg]
[myhometheme.net/agent/agent/adam-jarod/index.html]
[myhometheme.net/agent/agency/myhome-agency/feed/index.html]
[myhometheme.net/agent/wp-content/uploads/2018/07/agency-avatar-200x200.jpg]
[myhometheme.net/agent/agency/myhome-agency/index.html]
[myhometheme.net/agent/wp-content/cache/minify/6721b.css]
[myhometheme.net/agent/wp-json/wp/v2/pages/3141.json]
[myhometheme.net/agent/wp-json/oembed/1.0/embedfb93.json]
[myhometheme.net/agent/wp-json/oembed/1.0/embed53c7]
[myhometheme.net/agent/about-me/index.html]
[myhometheme.net/agent/wp-json/wp/v2/pages/1719.json]
[myhometheme.net/agent/wp-json/oembed/1.0/embed79f1.json]
[myhometheme.net/agent/wp-json/oembed/1.0/embedf583]
[myhometheme.net/agent/about-us/index.html]
[myhometheme.net/agent/wp-json/wp/v2/pages/1674.json]
[myhometheme.net/agent/wp-json/oembed/1.0/embeda5a7.json]
[myhometheme.net/agent/wp-json/oembed/1.0/embedc79e]
[myhometheme.net/agent/wp-content/uploads/2017/01/Daniella-Suzanne.jpg]
[myhometheme.net/agent/contact/index.html]
[myhometheme.net/agent/wp-json/wp/v2/pages/2551.json]
[myhometheme.net/agent/wp-json/oembed/1.0/embedf4df.json]
[myhometheme.net/agent/wp-json/oembed/1.0/embed93b0]
[myhometheme.net/agent/featured/index.html]
[myhometheme.net/agent/pricing-table/index.html]
[myhometheme.net/agent/wp-json/wp/v2/pages/2732.json]
[myhometheme.net/agent/wp-json/oembed/1.0/embed00a1.json]
[myhometheme.net/agent/wp-json/oembed/1.0/embeda4fc]
[myhometheme.net/agent/home-valuation/index.html]
[myhometheme.net/agent/wp-json/wp/v2/pages/2560.json]
[myhometheme.net/agent/wp-json/oembed/1.0/embed3f3c.json]
[myhometheme.net/agent/wp-json/oembed/1.0/embed4b75]
[myhometheme.net/agent/sample-page/index.html]
[myhometheme.net/agent/wp-json/wp/v2/pages/2323.json]
[myhometheme.net/agent/wp-json/oembed/1.0/embeda785.json]
[myhometheme.net/agent/wp-json/oembed/1.0/embedc693]
[service.weibo.com/share/share.eb40c5.delayed]
[service.weibo.com/share/share40c5.html]
[myhometheme.net/agent/social-share-buttons/index.html]
[myhometheme.net/agent/wp-json/wp/v2/pages/1365.json]
[myhometheme.net/agent/wp-json/oembed/1.0/embed77bf.json]
[myhometheme.net/agent/wp-json/oembed/1.0/embed8159]
[myhometheme.net/agent/typography/index.html]
[myhometheme.net/agent/property-type/apartment/page/2/index.html]
[myhometheme.net/agent/property-type/apartment/feed/index.html]
[myhometheme.net/agent/properties/house/index.html]
[myhometheme.net/agent/properties/office/index.html]
[myhometheme.net/agent/properties/apartment/new-york/index.html]
[myhometheme.net/agent/properties/apartment/los-angeles/index.html]
[myhometheme.net/agent/properties/apartment/chicago/index.html]
[myhometheme.net/agent/property-type/apartment/index.html]
[myhometheme.net/agent/properties/apartment/seattle/index.html]
[myhometheme.net/agent/property-type/house/page/2/index.html]
[myhometheme.net/agent/property-type/house/feed/index.html]
[myhometheme.net/agent/properties/apartment/index.html]
[myhometheme.net/agent/properties/house/new-york/index.html]
[myhometheme.net/agent/properties/house/los-angeles/index.html]
[myhometheme.net/agent/properties/house/chicago/index.html]
[myhometheme.net/agent/property-type/house/index.html]
[myhometheme.net/agent/properties/house/seattle/index.html]
[myhometheme.net/agent/property-type/office/page/2/index.html]
[myhometheme.net/agent/property-type/office/feed/index.html]
[myhometheme.net/agent/properties/office/new-york/index.html]
[myhometheme.net/agent/properties/office/los-angeles/index.html]
[myhometheme.net/agent/properties/office/chicago/index.html]
[myhometheme.net/agent/property-type/office/index.html]
[myhometheme.net/agent/properties/office/seattle/index.html]
[myhometheme.net/agent/wp-json/wp/v2/estate/113.json]
[myhometheme.net/agent/wp-json/oembed/1.0/embed8e7c.json]
[myhometheme.net/agent/wp-json/oembed/1.0/embedd17a]
[myhometheme.net/agent/wp-content/uploads/2017/01/modern-apartment-in-the-city-center-848x530.jpg]
[myhometheme.net/agent/wp-content/uploads/2017/01/warm-and-modern-studio-apartment-848x530.jpg]
[myhometheme.net/agent/wp-content/uploads/2017/01/warm-and-modern-studio-apartment.jpg]
[myhometheme.net/agent/wp-content/uploads/2017/01/two-storey-modern-flat-848x530.jpg]
[myhometheme.net/agent/wp-content/uploads/2017/01/minimalist-and-bright-flat-848x530.jpg]
[myhometheme.net/agent/wp-content/uploads/2017/01/bright-and-sunny-flat-848x530.jpg]
[myhometheme.net/agent/wp-content/uploads/2017/01/bright-and-sunny-flat.jpg]
[myhometheme.net/agent/wp-content/uploads/2017/01/bright-apartment-848x530.jpg]
[myhometheme.net/agent/wp-content/uploads/2017/02/building-plan.jpg]
[myhometheme.net/agent/wp-content/uploads/2017/02/floor-plan.jpg]
[myhometheme.net/agent/offer-type/open-house/index.html]
[myhometheme.net/agent/offer-type/sale/index.html]
[myhometheme.net/agent/wp-content/uploads/2017/10/PDF-Document.pdf]
[myhometheme.net/agent/wp-content/uploads/2017/10/DOCX-Document.doc]
[myhometheme.net/agent/wp-content/uploads/2017/01/Adam-Jarod-400x400.jpg]
[myhometheme.net/agent/zip-code/60007/index.html]
[myhometheme.net/agent/wp-content/cache/minify/e6ddf.js]
[myhometheme.net/agent/properties/apartment/chicago/modern-apartment-in-the-city-center/index.html]
[myhometheme.net/agent/wp-content/cache/minify/f9bb6.js]
[myhometheme.net/agent/street/ch-wicker-park-street-1/index.html]
[myhometheme.net/agent/wp-json/wp/v2/estate/818.json]
[myhometheme.net/agent/properties/apartment/los-angeles/centrally-located-apartment/index.html]
[myhometheme.net/agent/wp-json/oembed/1.0/embedf40a.json]
[myhometheme.net/agent/wp-json/oembed/1.0/embed738f]
[myhometheme.net/agent/wp-content/uploads/2017/02/affordable-office-space-848x530.jpg]
[myhometheme.net/agent/wp-content/uploads/2017/02/class-a-office-848x530.jpg]
[myhometheme.net/agent/wp-content/uploads/2017/02/class-a-office.jpg]
[myhometheme.net/agent/wp-content/uploads/2017/02/great-start-up-space-848x530.jpg]
[myhometheme.net/agent/wp-content/uploads/2017/02/great-start-up-space.jpg]
[myhometheme.net/agent/wp-content/uploads/2017/02/huge-office-space-848x530.jpg]
[myhometheme.net/agent/wp-content/uploads/2017/02/huge-office-space.jpg]
[myhometheme.net/agent/wp-content/uploads/2017/02/tastefully-decorarated-spacious-office-848x530.jpg]
[myhometheme.net/agent/wp-content/uploads/2017/01/Daniella-Suzanne-400x400.jpg]
[myhometheme.net/agent/wp-content/uploads/2018/07/agency-avatar-400x400.jpg]
[myhometheme.net/agent/properties/office/chicago/affordable-office-space/index.html]
[myhometheme.net/agent/offer-type/no-fees/index.html]
[myhometheme.net/agent/offer-type/rent/index.html]
[myhometheme.net/agent/street/ch-austin-street-1/index.html]
[myhometheme.net/agent/neighborhood/austin/index.html]
[myhometheme.net/agent/properties/office/los-angeles/full-floor-office-condo/index.html]
[myhometheme.net/agent/wp-json/wp/v2/estate/128.json]
[myhometheme.net/agent/properties/office/new-york/beautiful-executive-suites/index.html]
[myhometheme.net/agent/properties/office/seattle/medical-office-condo/index.html]
[myhometheme.net/agent/properties/office/seattle/furnished-co-working-space/index.html]
[myhometheme.net/agent/wp-json/oembed/1.0/embedab8a.json]
[myhometheme.net/agent/wp-json/oembed/1.0/embed6e41]
[myhometheme.net/agent/wp-content/uploads/2017/01/elegant-studio-flat-848x530.jpg]
[myhometheme.net/agent/wp-content/uploads/2017/01/elegant-studio-flat.jpg]
[myhometheme.net/agent/properties/house/chicago/elegant-studio-flat/index.html]
[myhometheme.net/agent/properties/house/seattle/modern-and-quirky-house/index.html]
[myhometheme.net/agent/neighborhood/englewood/index.html]
[myhometheme.net/agent/street/ch-englewood-street-2/index.html]
[myhometheme.net/agent/wp-json/wp/v2/estate/126.json]
[myhometheme.net/agent/properties/house/los-angeles/house-in-a-quiet-neighborhood/index.html]
[myhometheme.net/agent/wp-json/oembed/1.0/embed61aa.json]
[myhometheme.net/agent/properties/house/new-york/charmin-countryside-estate/index.html]
[myhometheme.net/agent/wp-json/oembed/1.0/embed952e]
[myhometheme.net/agent/wp-content/uploads/2017/01/scandinavian-style-apartment-848x530.jpg]
[myhometheme.net/agent/wp-content/uploads/2017/01/scandinavian-style-apartment.jpg]
[myhometheme.net/agent/wp-content/uploads/2017/01/Peter-Hendricks-400x400.jpg]
[myhometheme.net/agent/properties/apartment/new-york/scandinavian-style-apartment/index.html]
[myhometheme.net/agent/zip-code/10002/index.html]
[myhometheme.net/agent/street/ny-soho-street-2/index.html]
[myhometheme.net/agent/wp-json/wp/v2/estate/123.json]
[myhometheme.net/agent/wp-json/oembed/1.0/embed6a1f.json]
[myhometheme.net/agent/wp-json/oembed/1.0/embedc697]
[myhometheme.net/agent/wp-content/uploads/2017/01/flat-in-the-tenement-house-848x530.jpg]
[myhometheme.net/agent/wp-content/uploads/2017/01/flat-in-the-tenement-house.jpg]
[myhometheme.net/agent/properties/apartment/chicago/flat-in-the-tenement-house/index.html]
[myhometheme.net/agent/offer-type/hot-offer/index.html]
[myhometheme.net/agent/wp-json/wp/v2/estate/118.json]
[myhometheme.net/agent/street/ch-austin-street-2/index.html]
[myhometheme.net/agent/zip-code/60106/index.html]
[myhometheme.net/agent/wp-json/oembed/1.0/embed3e0d.json]
[myhometheme.net/agent/wp-json/oembed/1.0/embed8827]
[myhometheme.net/agent/wp-content/uploads/2017/01/modern-and-sunny-apartment-848x530.jpg]
[myhometheme.net/agent/wp-content/uploads/2017/01/modern-and-sunny-apartment.jpg]
[myhometheme.net/agent/properties/apartment/chicago/modern-and-sunny-apartment/index.html]
[myhometheme.net/agent/street/ch-englewood-street-1/index.html]
[myhometheme.net/agent/wp-json/wp/v2/estate/125.json]
[myhometheme.net/agent/wp-json/oembed/1.0/embeda26c.json]
[myhometheme.net/agent/wp-json/oembed/1.0/embed850f]
[myhometheme.net/agent/wp-content/uploads/2017/01/summer-house-with-a-pole-848x530.jpg]
[myhometheme.net/agent/properties/house/new-york/summer-house-with-a-pole/index.html]
[myhometheme.net/agent/street/ny-upper-east-side-street-1/index.html]
[myhometheme.net/agent/wp-json/wp/v2/estate/102.json]
[myhometheme.net/agent/wp-json/oembed/1.0/embedf86c.json]
[myhometheme.net/agent/wp-json/oembed/1.0/embed1138]
[myhometheme.net/agent/wp-content/uploads/2017/01/modern-house-with-the-great-view-848x530.jpg]
[myhometheme.net/agent/wp-content/uploads/2017/01/Truman-Kennith-400x400.jpg]
[myhometheme.net/agent/properties/house/chicago/modern-house-with-the-great-view/index.html]
[myhometheme.net/agent/street/ch-wicker-park-street-2/index.html]
[myhometheme.net/agent/wp-json/wp/v2/estate/814.json]
[myhometheme.net/agent/wp-json/oembed/1.0/embed9083.json]
[myhometheme.net/agent/wp-json/oembed/1.0/embed49da]
[myhometheme.net/agent/wp-content/uploads/2017/02/great-small-office-848x530.jpg]
[myhometheme.net/agent/wp-content/uploads/2017/02/great-small-office.jpg]
[myhometheme.net/agent/wp-content/uploads/2017/02/furnished-co-working-space-848x530.jpg]
[myhometheme.net/agent/wp-content/uploads/2017/02/furnished-co-working-space.jpg]
[myhometheme.net/agent/wp-content/uploads/2017/02/superior-office-space-848x530.jpg]
[myhometheme.net/agent/wp-content/uploads/2017/02/superior-office-space.jpg]
[myhometheme.net/agent/wp-content/uploads/2017/02/new-small-office-848x530.jpg]
[myhometheme.net/agent/wp-content/uploads/2017/02/new-small-office.jpg]
[myhometheme.net/agent/wp-content/uploads/2017/02/luxury-office-space-848x530.jpg]
[myhometheme.net/agent/wp-content/uploads/2017/02/luxury-office-space.jpg]
[myhometheme.net/agent/wp-content/uploads/2017/02/impressive-executive-suites-848x530.jpg]
[myhometheme.net/agent/wp-content/uploads/2017/02/impressive-executive-suites.jpg]
[myhometheme.net/agent/properties/office/chicago/great-small-office/index.html]
[myhometheme.net/agent/wp-json/wp/v2/estate/121.json]
[myhometheme.net/agent/wp-json/oembed/1.0/embed9085.json]
[myhometheme.net/agent/wp-json/oembed/1.0/embed9c0f]
[myhometheme.net/agent/wp-content/uploads/2017/01/simple-small-apartment-848x530.jpg]
[myhometheme.net/agent/wp-content/uploads/2017/01/simple-small-apartment.jpg]
[myhometheme.net/agent/properties/apartment/new-york/simple-small-apartment/index.html]
[myhometheme.net/agent/street/ny-soho-street-3/index.html]
[myhometheme.net/agent/zip-code/10005/index.html]
[myhometheme.net/agent/wp-json/wp/v2/estate/115.json]
[myhometheme.net/agent/wp-json/oembed/1.0/embedc359.json]
[myhometheme.net/agent/wp-json/oembed/1.0/embed8eaa]
[myhometheme.net/agent/wp-content/uploads/2017/01/colonial-style-villa-848x530.jpg]
[myhometheme.net/agent/wp-content/uploads/2017/01/colonial-style-villa.jpg]
[myhometheme.net/agent/wp-content/uploads/2017/01/Erle-Orval-400x400.jpg]
[myhometheme.net/agent/properties/house/new-york/colonial-style-villa/index.html]
[myhometheme.net/agent/street/ny-chinatown-street-1/index.html]
[myhometheme.net/agent/wp-json/wp/v2/estate/812.json]
[myhometheme.net/agent/wp-json/oembed/1.0/embed009a.json]
[myhometheme.net/agent/wp-json/oembed/1.0/embed0d70]
[myhometheme.net/agent/properties/office/new-york/huge-office-space/index.html]
[myhometheme.net/agent/offer-type/sold/index.html]
[myhometheme.net/agent/2017/10/index.html]
[myhometheme.net/agent/2017/09/index.html]
[myhometheme.net/agent/2017/08/index.html]
[myhometheme.net/agent/2017/07/index.html]
[myhometheme.net/agent/offer-type/sold/feed/index.html]
[myhometheme.net/agent/street/ny-soho-street-1/index.html]
[myhometheme.net/agent/features/air-conditioning/index.html]
[myhometheme.net/agent/how-to-buy-commercial-real-estate/index.html]
[myhometheme.net/agent/features/air-conditioning/feed/index.html]
[myhometheme.net/agent/features/ceiling-fan/index.html]
[myhometheme.net/agent/new-approaches-to-the-future-of-design/index.html]
[myhometheme.net/agent/features/air-conditioning/page/2/index.html]
[myhometheme.net/agent/features/dishwasher/index.html]
[myhometheme.net/agent/features/ceiling-fan/feed/index.html]
[myhometheme.net/agent/features/dishwasher/feed/index.html]
[myhometheme.net/agent/features/fireplace/index.html]
[myhometheme.net/agent/features/ceiling-fan/page/2/index.html]
[myhometheme.net/agent/features/high-ceilings/index.html]
[myhometheme.net/agent/features/dishwasher/page/2/index.html]
[myhometheme.net/agent/features/fireplace/feed/index.html]
[myhometheme.net/agent/features/microwave/index.html]
[myhometheme.net/agent/features/high-ceilings/feed/index.html]
[myhometheme.net/agent/features/high-ceilings/page/2/index.html]
[myhometheme.net/agent/features/fireplace/page/2/index.html]
[myhometheme.net/agent/features/patio/index.html]
[myhometheme.net/agent/features/porch/index.html]
[myhometheme.net/agent/features/microwave/page/2/index.html]
[myhometheme.net/agent/features/refrigerator/index.html]
[myhometheme.net/agent/features/microwave/feed/index.html]
[myhometheme.net/agent/features/patio/feed/index.html]
[myhometheme.net/agent/features/wifi/index.html]
[myhometheme.net/agent/features/patio/page/2/index.html]
[myhometheme.net/agent/features/porch/page/2/index.html]
[myhometheme.net/agent/wp-content/plugins/revslider/public/assets/fonts/revicons/revicons90c6.svg]
[myhometheme.net/agent/features/porch/feed/index.html]
[myhometheme.net/agent/features/refrigerator/page/2/index.html]
[myhometheme.net/agent/wp-content/plugins/revslider/public/assets/css/openhand.html]
[myhometheme.net/agent/wp-content/plugins/revslider/public/assets/css/closedhand.html]
[myhometheme.net/agent/wp-content/plugins/woocommerce/assets/fonts/star.svg]
[myhometheme.net/agent/wp-content/plugins/woocommerce/assets/fonts/WooCommerce.svg]
[myhometheme.net/agent/wp-content/plugins/woocommerce/assets/images/icons/loader.svg]
[myhometheme.net/agent/wp-content/plugins/woocommerce/assets/images/icons/credit-cards/visa.svg]
[myhometheme.net/agent/wp-content/plugins/woocommerce/assets/images/icons/credit-cards/mastercard.svg]
[myhometheme.net/agent/wp-content/plugins/woocommerce/assets/images/icons/credit-cards/laser.svg]
[myhometheme.net/agent/wp-content/plugins/woocommerce/assets/images/icons/credit-cards/diners.svg]
[myhometheme.net/agent/wp-content/plugins/woocommerce/assets/images/icons/credit-cards/maestro.svg]
[myhometheme.net/agent/wp-content/plugins/woocommerce/assets/images/icons/credit-cards/jcb.svg]
[myhometheme.net/agent/wp-content/plugins/woocommerce/assets/images/icons/credit-cards/amex.svg]
[myhometheme.net/agent/wp-content/plugins/woocommerce/assets/images/icons/credit-cards/discover.svg]
[myhometheme.net/agent/wp-content/themes/myhome/assets/fonts/fontawesome-webfont3e6e.svg]
[myhometheme.net/agent/wp-content/themes/myhome/assets/images/tick2696.svg]
[myhometheme.net/agent/wp-content/themes/myhome/.assets/fonts/Flaticon.html]
[myhometheme.net/agent/wp-content/themes/myhome/assets/fonts/Flaticon.svg]
[myhometheme.net/agent/wp-content/plugins/easy-social-share-buttons3/assets/fonts/essb.svg]
[myhometheme.net/agent/wp-content/plugins/js_composer/assets/fonts/vc_icons_v2/fonts/vcpb-plugin-iconsb82a.svg]
[myhometheme.net/agent/wp-content/plugins/js_composer/assets/vc/blur.svg]
[myhometheme.net/agent/wp-content/plugins/js_composer/assets/fonts/vc_grid/vc_grid_v157a1.svg]
[myhometheme.net/agent/indexc471.html]
[myhometheme.net/agent/features/refrigerator/feed/index.html]
[myhometheme.net/agent/features/wifi/feed/index.html]
[myhometheme.net/agent/features/wifi/page/2/index.html]
[myhometheme.net/agent/wp-json/wp/v2/estate/94.json]
[myhometheme.net/agent/wp-json/oembed/1.0/embed9957.json]
[myhometheme.net/agent/wp-json/oembed/1.0/embed13ff]
[myhometheme.net/agent/properties/apartment/new-york/minimalist-and-bright-flat/index.html]
[myhometheme.net/agent/wp-json/wp/v2/estate/129.json]
[myhometheme.net/agent/wp-json/oembed/1.0/embeddbbe.json]
[myhometheme.net/agent/wp-json/oembed/1.0/embedc884]
[myhometheme.net/agent/properties/apartment/los-angeles/bright-apartment/index.html]
[myhometheme.net/agent/zip-code/90001/index.html]
[myhometheme.net/agent/street/la-venice-street-1/index.html]
[myhometheme.net/agent/wp-json/wp/v2/estate/72.json]
[myhometheme.net/agent/wp-json/oembed/1.0/embed12e5.json]
[myhometheme.net/agent/wp-json/oembed/1.0/embed2f53]
[myhometheme.net/agent/properties/apartment/new-york/two-storey-modern-flat/index.html]
[myhometheme.net/agent/wp-json/wp/v2/estate/92.json]
[myhometheme.net/agent/wp-json/oembed/1.0/embed2951.json]
[myhometheme.net/agent/wp-json/oembed/1.0/embed4954]
[myhometheme.net/agent/wp-content/uploads/2017/01/place-perfect-for-nature-lovers-848x530.jpg]
[myhometheme.net/agent/properties/house/chicago/place-perfect-for-nature-lovers/index.html]
[myhometheme.net/agent/wp-json/wp/v2/users/2.json]
[myhometheme.net/agent/agent/daniella-suzanne/feed/index.html]
[myhometheme.net/agent/wp-content/uploads/2017/01/Daniella-Suzanne-200x200.jpg]
[myhometheme.net/agent/agent/daniella-suzanne/index.html]
[myhometheme.net/agent/wp-json/wp/v2/users/5.json]
[myhometheme.net/agent/agent/erle-orval/feed/index.html]
[myhometheme.net/agent/wp-content/uploads/2017/01/Erle-Orval-200x200.jpg]
[myhometheme.net/agent/agent/erle-orval/index.html]
[myhometheme.net/agent/wp-json/wp/v2/users/3.json]
[myhometheme.net/agent/wp-content/uploads/2017/01/Peter-Hendricks-200x200.jpg]
[myhometheme.net/agent/agent/peter-hendricks/index.html]
[myhometheme.net/agent/agent/peter-hendricks/feed/index.html]
[myhometheme.net/agent/wp-json/wp/v2/users/6.json]
[myhometheme.net/agent/wp-content/uploads/2017/01/Truman-Kennith-200x200.jpg]
[myhometheme.net/agent/agent/truman-kennith/index.html]
[myhometheme.net/agent/city/new-york/index.html]
[myhometheme.net/agent/city/los-angeles/index.html]
[myhometheme.net/agent/agent/truman-kennith/feed/index.html]
[myhometheme.net/agent/city/chicago/index.html]
[myhometheme.net/agent/city/new-york/feed/index.html]
[myhometheme.net/agent/city/los-angeles/feed/index.html]
[myhometheme.net/agent/city/seattle/index.html]
[myhometheme.net/agent/city/new-york/page/2/index.html]
[myhometheme.net/agent/city/los-angeles/page/2/index.html]
[myhometheme.net/agent/city/chicago/feed/index.html]
[myhometheme.net/agent/city/chicago/page/2/index.html]
[myhometheme.net/agent/city/seattle/page/2/index.html]
[myhometheme.net/agent/properties/index.html]
[myhometheme.net/agent/city/seattle/feed/index.html]
[myhometheme.net/agent/wp-json/wp/v2/posts/827.json]
[myhometheme.net/agent/properties/feed/index.html]
[myhometheme.net/agent/the-most-inspiring-interior-design-of-2016/feed/index.html]
[myhometheme.net/agent/properties/page/2/index.html]
[myhometheme.net/agent/wp-json/oembed/1.0/embed6319.json]
[myhometheme.net/agent/wp-json/oembed/1.0/embed286a]
[myhometheme.net/agent/category/home-design/index.html]
[myhometheme.net/agent/wp-content/cache/minify/acc78.js]
[myhometheme.net/agent/the-most-inspiring-interior-design-of-2016/index.html]
[myhometheme.net/agent/tag/architecture/index.html]
[myhometheme.net/agent/tag/design/index.html]
[myhometheme.net/agent/tag/house/index.html]
[myhometheme.net/agent/wp-json/wp/v2/posts/825.json]
[myhometheme.net/agent/7-instagram-accounts-for-interior-design-enthusiasts/feed/index.html]
[myhometheme.net/agent/wp-json/oembed/1.0/embed65f3.json]
[myhometheme.net/agent/wp-json/oembed/1.0/embed4a69]
[myhometheme.net/agent/7-instagram-accounts-for-interior-design-enthusiasts/index.html]
[myhometheme.net/agent/wp-json/wp/v2/posts/225.json]
[myhometheme.net/agent/renovating-a-living-room-experts-share-their-secrets/feed/index.html]
[myhometheme.net/agent/wp-json/oembed/1.0/embedf9b2.json]
[myhometheme.net/agent/wp-json/oembed/1.0/embedf0ec]
[myhometheme.net/agent/wp-content/uploads/2017/01/travels-inspired-apartment.jpg]
[myhometheme.net/agent/renovating-a-living-room-experts-share-their-secrets/index.html]
[myhometheme.net/agent/wp-json/wp/v2/posts/223.json]
[myhometheme.net/agent/recent-commercial-real-estate-transactions/feed/index.html]
[myhometheme.net/agent/wp-json/oembed/1.0/embed52ed.json]
[myhometheme.net/agent/wp-json/oembed/1.0/embed47ed]
[myhometheme.net/agent/recent-commercial-real-estate-transactions/index.html]
[myhometheme.net/agent/wp-json/wp/v2/posts/215.json]
[myhometheme.net/agent/new-home-design-books/feed/index.html]
[myhometheme.net/agent/wp-json/oembed/1.0/embed2393.json]
[myhometheme.net/agent/wp-json/oembed/1.0/embed6ec6]
[myhometheme.net/agent/wp-content/uploads/2018/07/inside.jpg]
[myhometheme.net/agent/new-home-design-books/index.html]
[myhometheme.net/agent/index9fa1.html]
[myhometheme.net/agent/properties/indexd1bd.html]
[myhometheme.net/agent/wp-json/wp/v2/estate/805.json]
[myhometheme.net/agent/offer-type/sale/page/2/index.html]
[myhometheme.net/agent/wp-json/oembed/1.0/embedf772.json]
[myhometheme.net/agent/wp-json/oembed/1.0/embed4669]
[myhometheme.net/agent/wp-content/uploads/2017/02/beautiful-co-working-space-848x530.jpg]
[myhometheme.net/agent/wp-content/uploads/2017/02/beautiful-co-working-space.jpg]
[myhometheme.net/agent/properties/office/new-york/tastefully-decorarated-spacious-office/index.html]
[myhometheme.net/agent/street/ny-chinatown-street-2/index.html]
[myhometheme.net/agent/wp-json/wp/v2/estate/817.json]
[myhometheme.net/agent/wp-json/oembed/1.0/embedc86e.json]
[myhometheme.net/agent/wp-json/oembed/1.0/embed1df9]
[myhometheme.net/agent/properties/office/los-angeles/beautiful-co-working-space/index.html]
[myhometheme.net/agent/properties/index7649.html]
[myhometheme.net/agent/indexc9bf.html]
[myhometheme.net/agent/index73a5.html]
[myhometheme.net/agent/neighborhood/downtown/index.html]
[myhometheme.net/agent/street/la-downtown-street-1/index.html]
[myhometheme.net/agent/offer-type/rent/page/2/index.html]
[myhometheme.net/agent/wp-content/cache/minify/04e39.css]
[myhometheme.net/agent/wp-json/wp/v2/pages/924.json]
[myhometheme.net/agent/wp-json/oembed/1.0/embedd23f.json]
[myhometheme.net/agent/wp-json/oembed/1.0/embedc02d]
[myhometheme.net/agent/wp-content/cache/minify/03992.js]
[myhometheme.net/agent/panel/index.html]
[myhometheme.net/agent/indexc535.html]
[myhometheme.net/agent/indexe8f9.html]
[myhometheme.net/agent/indexefbe.html]
[myhometheme.net/agent/indexb4d2.html]
[myhometheme.net/agent/indexfcc0.html]
[myhometheme.net/agent/indexd8bc.html]
[myhometheme.net/agent/index5a52.html]
[myhometheme.net/agent/neighborhood/chinatown/index.html]
[myhometheme.net/agent/neighborhood/soho/index.html]
[myhometheme.net/agent/neighborhood/chinatown/feed/index.html]
[myhometheme.net/agent/neighborhood/upper-east-side/index.html]
[myhometheme.net/agent/wp-content/cache/minify/4a978.js]
[myhometheme.net/agent/neighborhood/chinatown/page/2/index.html]
[myhometheme.net/agent/neighborhood/soho/feed/index.html]
[myhometheme.net/agent/neighborhood/soho/page/2/index.html]
[myhometheme.net/agent/neighborhood/venice/index.html]
[myhometheme.net/agent/neighborhood/wicker-park/index.html]
[myhometheme.net/agent/neighborhood/upper-east-side/page/2/index.html]
[myhometheme.net/agent/neighborhood/skid-row/index.html]
[myhometheme.net/agent/neighborhood/upper-east-side/feed/index.html]
[myhometheme.net/agent/indexede1.html]
[myhometheme.net/agent/index1fba.html]
[myhometheme.net/agent/index20ad.html]
[myhometheme.net/agent/neighborhood/wicker-park/feed/index.html]
[myhometheme.net/agent/neighborhood/venice/feed/index.html]
[myhometheme.net/agent/neighborhood/skid-row/feed/index.html]
[myhometheme.net/agent/wp-content/cache/minify/136e9.css]
[myhometheme.net/agent/blog/page/2/index.html]
[myhometheme.net/agent/wp-json/wp/v2/posts/203.json]
[myhometheme.net/agent/10-brilliant-ways-to-decorate-your-home/feed/index.html]
[myhometheme.net/agent/wp-json/oembed/1.0/embed65d2.json]
[myhometheme.net/agent/wp-json/oembed/1.0/embed8503]
[myhometheme.net/agent/10-brilliant-ways-to-decorate-your-home/index.html]
[myhometheme.net/agent/wp-json/wp/v2/posts/220.json]
[myhometheme.net/agent/the-interior-design-trends/feed/index.html]
[myhometheme.net/agent/wp-json/oembed/1.0/embed2716.json]
[myhometheme.net/agent/wp-json/oembed/1.0/embed64c8]
[myhometheme.net/agent/wp-content/uploads/2017/01/sunny-and-cozy-apartment.jpg]
[myhometheme.net/agent/the-interior-design-trends/index.html]
[myhometheme.net/agent/wp-json/wp/v2/posts/213.json]
[myhometheme.net/agent/10-of-the-best-home-bloggers-to-follow-on-instagram/feed/index.html]
[myhometheme.net/agent/wp-json/oembed/1.0/embedd93c.json]
[myhometheme.net/agent/wp-json/oembed/1.0/embed9fd9]
[myhometheme.net/agent/10-of-the-best-home-bloggers-to-follow-on-instagram/index.html]
[myhometheme.net/agent/wp-json/wp/v2/posts/209.json]
[myhometheme.net/agent/3-ways-office-design-affects-work-productivity/feed/index.html]
[myhometheme.net/agent/wp-json/oembed/1.0/embedf44b.json]
[myhometheme.net/agent/wp-json/oembed/1.0/embede5d4]
[myhometheme.net/agent/wp-content/uploads/2017/02/office-property.jpg]
[myhometheme.net/agent/3-ways-office-design-affects-work-productivity/index.html]
[myhometheme.net/agent/wp-json/wp/v2/posts/207.json]
[myhometheme.net/agent/6-free-sources-for-home-design-inspiration/feed/index.html]
[myhometheme.net/agent/wp-json/oembed/1.0/embed5f4e.json]
[myhometheme.net/agent/wp-json/oembed/1.0/embed0251]
[myhometheme.net/agent/6-free-sources-for-home-design-inspiration/index.html]
[connect.facebook.net/en_us/sdk.js]
[myhometheme.net/agent/indexdf2c.html]
[myhometheme.net/agent/wp-json/wp/v2/users/11.json]
[myhometheme.net/agent/wp-content/plugins/easy-social-share-buttons3/lib/modules/social-followers-counter/assets/font/essb-socialfollowers.eot]
[myhometheme.net/agent/wp-content/plugins/easy-social-share-buttons3/lib/modules/social-followers-counter/assets/font/essb-socialfollowers.woff]
[myhometheme.net/agent/wp-content/plugins/easy-social-share-buttons3/lib/modules/social-followers-counter/assets/font/essb-socialfollowers.ttf]
[myhometheme.net/agent/wp-content/cache/minify/6721b.css]
[myhometheme.net/agent/index4730.html]
[myhometheme.net/agent/index8042.html]
[myhometheme.net/agent/index9a2e.html]
[myhometheme.net/agent/index3a58.html]
[myhometheme.net/agent/indexaa3c.html]
[myhometheme.net/agent/indexafe6.html]
[myhometheme.net/agent/indexb858.html]
[myhometheme.net/agent/wp-content/plugins/easy-social-share-buttons3/lib/modules/social-followers-counter/assets/font/essb-socialfollowers.svg]
[img.t.sinajs.cn/t4/appstyle/widget/css/share/shareae1f.css]
[service.weibo.com/share/;scope.fold =]
[js.t.sinajs.cn/STK/js/gaea_1_19.js]
[service.weibo.com/share/index=0&src=https_/myhometheme.net/agent/wp-content/uploads/2017/02/beautiful-executive-suites.213.delayed]
[myhometheme.net/agent/wp-content/uploads/2017/02/beautiful-executive-suites.jpg]
[js.t.sinajs.cn/open/widget/js/share/shareae1f.js]
[tjs.sjs.sinajs.cn/open/analytics/js/suda.js]
[service.weibo.com/share/share40c5.html]
[myhometheme.net/agent/index4c94.html]
[localhost/newhome/wp-content/uploads/2017/02/superior-office-space-300x200.html]
[localhost/newhome/wp-content/uploads/2017/02/international-towers-300x200.html]
[localhost/newhome/wp-content/uploads/2017/01/seattle.html]
[myhometheme.net/agent/property-type/apartment/page/2/index.html]
[myhometheme.net/agent/property-type/apartment/page/3/index.html]
[myhometheme.net/agent/properties/house/index.html]
[myhometheme.net/agent/properties/office/index.html]
[myhometheme.net/agent/properties/apartment/new-york/index.html]
[myhometheme.net/agent/properties/apartment/los-angeles/index.html]
[myhometheme.net/agent/properties/apartment/chicago/index.html]
[myhometheme.net/agent/properties/apartment/seattle/index.html]
[myhometheme.net/agent/property-type/house/page/2/index.html]
[myhometheme.net/agent/properties/apartment/index.html]
[myhometheme.net/agent/properties/house/new-york/index.html]
[myhometheme.net/agent/property-type/house/page/3/index.html]
[myhometheme.net/agent/properties/house/los-angeles/index.html]
[myhometheme.net/agent/properties/house/chicago/index.html]
[myhometheme.net/agent/properties/house/seattle/index.html]
[myhometheme.net/agent/property-type/office/page/2/index.html]
[myhometheme.net/agent/properties/office/new-york/index.html]
[myhometheme.net/agent/property-type/office/page/3/index.html]
[myhometheme.net/agent/properties/office/los-angeles/index.html]
[myhometheme.net/agent/properties/office/chicago/index.html]
[myhometheme.net/agent/properties/office/seattle/index.html]
[myhometheme.net/agent/index3961.html]
[myhometheme.net/agent/offer-type/sale/index.html]
[myhometheme.net/agent/offer-type/open-house/index.html]
[myhometheme.net/agent/zip-code/60007/index.html]
[myhometheme.net/agent/street/ch-wicker-park-street-1/index.html]
[myhometheme.net/agent/offer-type/sale/feed/index.html]
[myhometheme.net/agent/offer-type/open-house/feed/index.html]
[myhometheme.net/agent/zip-code/60007/feed/index.html]
[myhometheme.net/agent/street/ch-wicker-park-street-1/feed/index.html]
[myhometheme.net/agent/wp-json/wp/v2/estate/124.json]
[myhometheme.net/agent/wp-json/oembed/1.0/embedc172.json]
[myhometheme.net/agent/wp-json/oembed/1.0/embedd316]
[myhometheme.net/agent/wp-content/uploads/2017/01/centrally-located-apartment-848x530.jpg]
[myhometheme.net/agent/wp-content/uploads/2017/01/centrally-located-apartment.jpg]
[myhometheme.net/agent/properties/apartment/los-angeles/centrally-located-apartment/index.html]
[myhometheme.net/agent/indexefa2.html]
[myhometheme.net/agent/offer-type/rent/index.html]
[myhometheme.net/agent/offer-type/no-fees/index.html]
[myhometheme.net/agent/zip-code/90005/index.html]
[myhometheme.net/agent/street/la-venice-street-2/index.html]
[myhometheme.net/agent/offer-type/rent/feed/index.html]
[myhometheme.net/agent/neighborhood/austin/index.html]
[myhometheme.net/agent/street/ch-austin-street-1/index.html]
[myhometheme.net/agent/offer-type/no-fees/page/2/index.html]
[myhometheme.net/agent/offer-type/no-fees/feed/index.html]
[myhometheme.net/agent/street/ch-austin-street-1/feed/index.html]
[myhometheme.net/agent/neighborhood/austin/feed/index.html]
[myhometheme.net/agent/wp-json/wp/v2/estate/578.json]
[myhometheme.net/agent/wp-json/oembed/1.0/embed53e2.json]
[myhometheme.net/agent/wp-json/oembed/1.0/embed5d5d]
[myhometheme.net/agent/wp-content/uploads/2017/02/full-floor-office-condo-848x530.jpg]
[myhometheme.net/agent/wp-content/uploads/2017/02/cambridge-building-848x530.jpg]
[myhometheme.net/agent/wp-content/uploads/2017/02/cambridge-building.jpg]
[myhometheme.net/agent/wp-content/uploads/2017/02/international-towers-848x530.jpg]
[myhometheme.net/agent/wp-content/uploads/2017/02/international-towers.jpg]
[myhometheme.net/agent/wp-content/uploads/2017/02/office-property-848x530.jpg]
[myhometheme.net/agent/wp-content/uploads/2017/02/prestigious-office-848x530.jpg]
[myhometheme.net/agent/wp-content/uploads/2017/02/prestigious-office.jpg]
[myhometheme.net/agent/properties/office/los-angeles/full-floor-office-condo/index.html]
[myhometheme.net/agent/street/la-skid-row-street-2/index.html]
[myhometheme.net/agent/wp-json/wp/v2/estate/816.json]
[myhometheme.net/agent/wp-json/oembed/1.0/embedca1e.json]
[myhometheme.net/agent/wp-json/oembed/1.0/embed2930]
[myhometheme.net/agent/wp-content/uploads/2017/02/beautiful-executive-suites-848x530.jpg]
[myhometheme.net/agent/properties/office/new-york/beautiful-executive-suites/index.html]
[myhometheme.net/agent/wp-json/wp/v2/estate/575.json]
[myhometheme.net/agent/street/ny-upper-east-side-street-2/index.html]
[myhometheme.net/agent/wp-json/oembed/1.0/embedabbb.json]
[myhometheme.net/agent/wp-json/oembed/1.0/embed5b14]
[myhometheme.net/agent/wp-content/uploads/2017/02/medical-office-condo-848x530.jpg]
[myhometheme.net/agent/wp-content/uploads/2017/02/medical-office-condo.jpg]
[myhometheme.net/agent/properties/office/seattle/medical-office-condo/index.html]
[myhometheme.net/agent/zip-code/98103/index.html]
[myhometheme.net/agent/neighborhood/fremont/index.html]
[myhometheme.net/agent/wp-json/wp/v2/estate/815.json]
[myhometheme.net/agent/street/se-fremont-street-1/index.html]
[myhometheme.net/agent/wp-json/oembed/1.0/embed6151.json]
[myhometheme.net/agent/wp-json/oembed/1.0/embed51ac]
[myhometheme.net/agent/properties/office/seattle/furnished-co-working-space/index.html]
[myhometheme.net/agent/index913e.html]
[myhometheme.net/agent/neighborhood/englewood/index.html]
[myhometheme.net/agent/neighborhood/lake-city/index.html]
[myhometheme.net/agent/street/ch-englewood-street-2/index.html]
[myhometheme.net/agent/neighborhood/englewood/feed/index.html]
[myhometheme.net/agent/zip-code/98101/index.html]
[myhometheme.net/agent/street/se-lake-city-street-1/index.html]
[myhometheme.net/agent/street/ch-englewood-street-2/feed/index.html]
[myhometheme.net/agent/wp-json/wp/v2/estate/122.json]
[myhometheme.net/agent/wp-json/oembed/1.0/embed91bf.json]
[myhometheme.net/agent/wp-json/oembed/1.0/embed575c]
[myhometheme.net/agent/wp-content/uploads/2017/01/modern-and-quirky-house-848x530.jpg]
[myhometheme.net/agent/wp-content/uploads/2017/01/modern-and-quirky-house.jpg]
[myhometheme.net/agent/properties/house/seattle/modern-and-quirky-house/index.html]
[myhometheme.net/agent/street/se-capitol-hill-street-1/index.html]
[myhometheme.net/agent/neighborhood/capitol-hill/index.html]
[myhometheme.net/agent/wp-json/wp/v2/estate/120.json]
[myhometheme.net/agent/wp-json/oembed/1.0/embedbe91.json]
[myhometheme.net/agent/wp-json/oembed/1.0/embed6fb4]
[myhometheme.net/agent/wp-content/uploads/2017/01/charmin-countryside-estate-848x530.jpg]
[myhometheme.net/agent/wp-content/uploads/2017/01/charmin-countryside-estate.jpg]
[myhometheme.net/agent/properties/house/new-york/charmin-countryside-estate/index.html]
[myhometheme.net/agent/street/ny-chinatown-street-3/index.html]
[myhometheme.net/agent/wp-json/wp/v2/estate/119.json]
[myhometheme.net/agent/wp-json/oembed/1.0/embedc595.json]
[myhometheme.net/agent/wp-json/oembed/1.0/embeda45d]
[myhometheme.net/agent/wp-content/uploads/2017/01/house-in-a-quiet-neighborhood-848x530.jpg]
[myhometheme.net/agent/wp-content/uploads/2017/01/house-in-a-quiet-neighborhood.jpg]
[myhometheme.net/agent/properties/house/los-angeles/house-in-a-quiet-neighborhood/index.html]
[myhometheme.net/agent/index4ab3.html]
[myhometheme.net/agent/zip-code/10002/index.html]
[myhometheme.net/agent/street/ny-soho-street-2/index.html]
[myhometheme.net/agent/street/la-skid-row-street-1/index.html]
[myhometheme.net/agent/indexb8c4.html]
[myhometheme.net/agent/offer-type/hot-offer/index.html]
[myhometheme.net/agent/street/ny-soho-street-2/feed/index.html]
[myhometheme.net/agent/zip-code/10002/feed/index.html]
[myhometheme.net/agent/zip-code/10002/page/2/index.html]
[myhometheme.net/agent/zip-code/60106/index.html]
[myhometheme.net/agent/street/ch-austin-street-2/index.html]
[myhometheme.net/agent/indexdb4e.html]
[myhometheme.net/agent/street/ch-englewood-street-1/index.html]
[myhometheme.net/agent/offer-type/hot-offer/feed/index.html]
[myhometheme.net/agent/index5070.html]
[myhometheme.net/agent/street/ny-upper-east-side-street-1/index.html]
[myhometheme.net/agent/zip-code/60106/feed/index.html]
[myhometheme.net/agent/indexc5eb.html]
[myhometheme.net/agent/street/ch-wicker-park-street-2/index.html]
[myhometheme.net/agent/street/ch-austin-street-2/feed/index.html]
[myhometheme.net/agent/street/ch-englewood-street-1/feed/index.html]
[myhometheme.net/agent/index3eda.html]
[myhometheme.net/agent/indexe856.html]
[myhometheme.net/agent/zip-code/10005/index.html]
[myhometheme.net/agent/street/ny-upper-east-side-street-1/feed/index.html]
[myhometheme.net/agent/street/ny-soho-street-3/index.html]
[myhometheme.net/agent/street/ch-wicker-park-street-2/feed/index.html]
[myhometheme.net/agent/index0a10.html]
[myhometheme.net/agent/street/ny-chinatown-street-1/index.html]
[myhometheme.net/agent/zip-code/10005/feed/index.html]
[myhometheme.net/agent/index4e02.html]
[myhometheme.net/agent/street/ny-soho-street-1/index.html]
[myhometheme.net/agent/street/ny-soho-street-3/feed/index.html]
[myhometheme.net/agent/zip-code/10005/page/2/index.html]
[myhometheme.net/agent/street/ny-chinatown-street-1/feed/index.html]
[myhometheme.net/agent/street/ny-soho-street-1/feed/index.html]
[myhometheme.net/agent/wp-json/wp/v2/posts/218.json]
[myhometheme.net/agent/how-to-buy-commercial-real-estate/feed/index.html]
[myhometheme.net/agent/wp-json/oembed/1.0/embed045b.json]
[myhometheme.net/agent/wp-json/oembed/1.0/embedc42e]
[myhometheme.net/agent/how-to-buy-commercial-real-estate/index.html]
[myhometheme.net/agent/wp-json/wp/v2/posts/211.json]
[myhometheme.net/agent/new-approaches-to-the-future-of-design/feed/index.html]
[myhometheme.net/agent/wp-json/oembed/1.0/embedac2c.json]
[myhometheme.net/agent/wp-json/oembed/1.0/embedea5e]
[myhometheme.net/agent/new-approaches-to-the-future-of-design/index.html]
[myhometheme.net/agent/features/air-conditioning/page/2/index.html]
[myhometheme.net/agent/features/ceiling-fan/page/2/index.html]
[myhometheme.net/agent/features/dishwasher/page/2/index.html]
[myhometheme.net/agent/features/fireplace/page/2/index.html]
[myhometheme.net/agent/features/air-conditioning/page/3/index.html]
[myhometheme.net/agent/features/high-ceilings/page/2/index.html]
[myhometheme.net/agent/features/ceiling-fan/page/3/index.html]
[myhometheme.net/agent/features/microwave/page/2/index.html]
[myhometheme.net/agent/features/fireplace/page/3/index.html]
[myhometheme.net/agent/features/patio/page/2/index.html]
[myhometheme.net/agent/features/dishwasher/page/3/index.html]
[myhometheme.net/agent/features/porch/page/2/index.html]
[myhometheme.net/agent/features/high-ceilings/page/3/index.html]
[myhometheme.net/agent/features/microwave/page/3/index.html]
[myhometheme.net/agent/features/refrigerator/page/2/index.html]
[myhometheme.net/agent/features/wifi/page/2/index.html]
[myhometheme.net/agent/features/wifi/page/3/index.html]
[myhometheme.net/agent/index65d2.html]
[myhometheme.net/agent/index1c00.html]
[myhometheme.net/agent/zip-code/90001/index.html]
[myhometheme.net/agent/features/refrigerator/page/3/index.html]
[myhometheme.net/agent/street/la-venice-street-1/index.html]
[myhometheme.net/agent/features/porch/page/3/index.html]
[myhometheme.net/agent/indexae74.html]
[myhometheme.net/agent/index8e15.html]
[myhometheme.net/agent/features/patio/page/3/index.html]
[myhometheme.net/agent/city/new-york/page/2/index.html]
[myhometheme.net/agent/city/los-angeles/page/2/index.html]
[myhometheme.net/agent/city/chicago/page/2/index.html]
[myhometheme.net/agent/city/seattle/page/2/index.html]
[myhometheme.net/agent/zip-code/90001/feed/index.html]
[myhometheme.net/agent/street/la-venice-street-1/feed/index.html]
[myhometheme.net/agent/properties/page/2/index.html]
[myhometheme.net/agent/indexc6a5.html]
[myhometheme.net/agent/city/new-york/page/3/index.html]
[myhometheme.net/agent/properties/page/3/index.html]
[myhometheme.net/agent/wp-json/wp/v2/categories/60.json]
[myhometheme.net/agent/category/home-design/index.html]
[myhometheme.net/agent/category/home-design/page/2/index.html]
[myhometheme.net/agent/category/home-design/feed/index.html]
[myhometheme.net/agent/wp-json/wp/v2/tags/63.json]
[myhometheme.net/agent/tag/architecture/index.html]
[myhometheme.net/agent/tag/architecture/feed/index.html]
[myhometheme.net/agent/tag/architecture/page/2/index.html]
[myhometheme.net/agent/wp-json/wp/v2/tags/62.json]
[myhometheme.net/agent/tag/design/index.html]
[myhometheme.net/agent/tag/design/page/2/index.html]
[myhometheme.net/agent/tag/design/feed/index.html]
[myhometheme.net/agent/wp-json/wp/v2/tags/61.json]
[myhometheme.net/agent/tag/house/index.html]
[myhometheme.net/agent/wp-content/cache/minify/acc78.js]
[myhometheme.net/agent/indexee96.html]
[myhometheme.net/agent/indexfa80.html]
[myhometheme.net/agent/indexd027.html]
[myhometheme.net/agent/indexd7c9.html]
[myhometheme.net/agent/offer-type/sale/page/2/index.html]
[myhometheme.net/agent/index028e.html]
[myhometheme.net/agent/street/ny-chinatown-street-2/index.html]
[myhometheme.net/agent/tag/house/feed/index.html]
[myhometheme.net/agent/tag/house/page/2/index.html]
[myhometheme.net/agent/indexeba0.html]
[myhometheme.net/agent/neighborhood/downtown/index.html]
[myhometheme.net/agent/street/la-downtown-street-1/index.html]
[myhometheme.net/agent/street/ny-chinatown-street-2/feed/index.html]
[myhometheme.net/agent/offer-type/rent/page/2/index.html]
[myhometheme.net/agent/offer-type/sale/page/3/index.html]
[myhometheme.net/agent/neighborhood/downtown/feed/index.html]
[myhometheme.net/agent/street/la-downtown-street-1/feed/index.html]
[myhometheme.net/agent/offer-type/rent/page/3/index.html]
[myhometheme.net/agent/wp-content/cache/minify/04e39.css]
[myhometheme.net/agent/index6cd8.html]
[myhometheme.net/agent/wp-content/cache/minify/03992.js]
[myhometheme.net/agent/wp-content/cache/minify/4a978.js]
[myhometheme.net/agent/neighborhood/chinatown/page/2/index.html]
[myhometheme.net/agent/neighborhood/soho/page/2/index.html]
[myhometheme.net/agent/neighborhood/upper-east-side/page/2/index.html]
[myhometheme.net/agent/indexc39e.html]
[myhometheme.net/agent/index156c.html]
[myhometheme.net/agent/indexf3dd.html]
[myhometheme.net/agent/index4e6a.html]
[myhometheme.net/agent/indexeb91.html]
[myhometheme.net/agent/wp-content/plugins/easy-social-share-buttons3/lib/modules/social-followers-counter/assets/font/essb-socialfollowers.svg]
[img.t.sinajs.cn/t4/appstyle/widget/images/library/base/wb_logo83a5.png]
[img.t.sinajs.cn/t4/appstyle/widget/images/library/base/wb_logo83a5.gif]
[img.t.sinajs.cn/t4/appstyle/widget/images/library/base/wb_logo16_a26d4.png]
[img.t.sinajs.cn/t4/appstyle/widget/images/library/base/wb_xline_s126d4.png]
[img.t.sinajs.cn/t4/appstyle/widget/images/library/base/wb_xline_s126d4.gif]
[img.t.sinajs.cn/t4/appstyle/widget/images/library/base/wb_xline_s226d4.png]
[img.t.sinajs.cn/t4/appstyle/widget/images/library/base/bg_sharebox26d4.png]
[img.t.sinajs.cn/t4/appstyle/widget/images/library/base/bg_sharebox26d4.gif]
[img.t.sinajs.cn/t4/appstyle/widget/images/library/base/icon_tips26d4.png]
[img.t.sinajs.cn/t4/appstyle/widget/images/library/base/icon_tips26d4.gif]
[img.t.sinajs.cn/t4/appstyle/widget/images/library/base/icon_tools26d4.png]
[img.t.sinajs.cn/t4/appstyle/widget/images/library/base/loading226d4.gif]
[img.t.sinajs.cn/t4/appstyle/widget/images/library/base/loading126d4.gif]
[img.t.sinajs.cn/t4/appstyle/widget/images/library/base/loading426d4.gif]
[img.t.sinajs.cn/t4/appstyle/widget/images/library/base/state_fail26d4.png]
[img.t.sinajs.cn/t4/appstyle/widget/images/library/base/state_fail26d4.gif]
[img.t.sinajs.cn/t4/appstyle/widget/css/share/shareae1f.css]
[js.t.sinajs.cn/STK/js/gaea_1_19.js]
[service.weibo.com/share/index=0&src=https_/myhometheme.net/agent/wp-content/uploads/2017/02/beautiful-executive-suites.html]
[img.t.sinajs.cn/t4/appstyle/widget/images/share/wemeet_icon.png]
[rs.sinajs.cn/rc891.gif]
[rs.sinajs.cn/tmpf0c1.gif]
[js.t.sinajs.cn/open/widget/js/share/shareae1f.js]
[tjs.sjs.sinajs.cn/open/analytics/js/suda.js]
[myhometheme.net/agent/property-type/apartment/page/3/index.html]
[myhometheme.net/agent/property-type/house/page/3/index.html]
[myhometheme.net/agent/property-type/office/page/3/index.html]
[myhometheme.net/agent/indexd4a6.html]
[myhometheme.net/agent/zip-code/90005/index.html]
[myhometheme.net/agent/street/la-venice-street-2/index.html]
[myhometheme.net/agent/offer-type/no-fees/page/2/index.html]
[myhometheme.net/agent/indexa722.html]
[myhometheme.net/agent/street/la-skid-row-street-2/index.html]
[myhometheme.net/agent/indexe5c7.html]
[myhometheme.net/agent/street/ny-upper-east-side-street-2/index.html]
[myhometheme.net/agent/zip-code/90005/feed/index.html]
[myhometheme.net/agent/indexa379.html]
[myhometheme.net/agent/street/la-skid-row-street-2/feed/index.html]
[myhometheme.net/agent/street/ny-upper-east-side-street-2/feed/index.html]
[myhometheme.net/agent/street/la-venice-street-2/feed/index.html]
[myhometheme.net/agent/zip-code/98103/index.html]
[myhometheme.net/agent/neighborhood/fremont/index.html]
[myhometheme.net/agent/street/se-fremont-street-1/index.html]
[myhometheme.net/agent/indexe398.html]
[myhometheme.net/agent/zip-code/98101/index.html]
[myhometheme.net/agent/zip-code/98103/feed/index.html]
[myhometheme.net/agent/neighborhood/lake-city/index.html]
[myhometheme.net/agent/neighborhood/fremont/feed/index.html]
[myhometheme.net/agent/street/se-fremont-street-1/feed/index.html]
[myhometheme.net/agent/street/se-lake-city-street-1/index.html]
[myhometheme.net/agent/indexdb84.html]
[myhometheme.net/agent/neighborhood/capitol-hill/index.html]
[myhometheme.net/agent/zip-code/98101/feed/index.html]
[myhometheme.net/agent/street/se-capitol-hill-street-1/index.html]
[myhometheme.net/agent/neighborhood/lake-city/feed/index.html]
[myhometheme.net/agent/index2c90.html]
[myhometheme.net/agent/street/ny-chinatown-street-3/index.html]
[myhometheme.net/agent/street/se-lake-city-street-1/feed/index.html]
[myhometheme.net/agent/index7737.html]
[myhometheme.net/agent/neighborhood/capitol-hill/feed/index.html]
[myhometheme.net/agent/street/la-skid-row-street-1/index.html]
[myhometheme.net/agent/street/se-capitol-hill-street-1/feed/index.html]
[myhometheme.net/agent/zip-code/10002/page/2/index.html]
[myhometheme.net/agent/zip-code/10005/page/2/index.html]
[myhometheme.net/agent/index5034.html]
[myhometheme.net/agent/index0114.html]
[myhometheme.net/agent/features/air-conditioning/page/3/index.html]
[myhometheme.net/agent/features/ceiling-fan/page/3/index.html]
[myhometheme.net/agent/features/dishwasher/page/3/index.html]
[myhometheme.net/agent/features/fireplace/page/3/index.html]
[myhometheme.net/agent/features/high-ceilings/page/3/index.html]
[myhometheme.net/agent/features/microwave/page/3/index.html]
[myhometheme.net/agent/features/patio/page/3/index.html]
[myhometheme.net/agent/street/ny-chinatown-street-3/feed/index.html]
[myhometheme.net/agent/features/porch/page/3/index.html]
[myhometheme.net/agent/features/refrigerator/page/3/index.html]
[myhometheme.net/agent/features/wifi/page/3/index.html]
[myhometheme.net/agent/street/la-skid-row-street-1/feed/index.html]
[myhometheme.net/agent/city/new-york/page/3/index.html]
[myhometheme.net/agent/features/air-conditioning/page/4/index.html]
[myhometheme.net/agent/city/new-york/page/4/index.html]
[myhometheme.net/agent/properties/page/3/index.html]
[myhometheme.net/agent/category/home-design/page/2/index.html]
[myhometheme.net/agent/tag/architecture/page/2/index.html]
[myhometheme.net/agent/tag/design/page/2/index.html]
[myhometheme.net/agent/tag/house/page/2/index.html]
[myhometheme.net/agent/offer-type/sale/page/3/index.html]
[myhometheme.net/agent/offer-type/rent/page/3/index.html]
[myhometheme.net/agent/panel/Version/index.html]
[myhometheme.net/agent/panel/version/index-2.html]
[myhometheme.net/agent/panel/edge/index.html]
[myhometheme.net/agent/panel/mh/index.html]
[tjs.sjs.sinajs.cn/t5/register/js/page/remote/loginLayer4478.js]
[myhometheme.net/agent/features/air-conditioning/page/4/index.html]
[myhometheme.net/agent/city/new-york/page/4/index.html]
[myhometheme.net/agent/properties/page/4/index.html]
[myhometheme.net/agent/offer-type/sale/page/4/index.html]
[myhometheme.net/agent/offer-type/rent/page/4/index.html]
[myhometheme.net/agent/properties/page/5/index.html]
[myhometheme.net/agent/properties/page/4/index.html]
[myhometheme.net/agent/offer-type/sale/page/4/index.html]
[myhometheme.net/agent/offer-type/rent/page/4/index.html]
[myhometheme.net/agent/offer-type/sale/page/5/index.html]
[myhometheme.net/agent/properties/page/5/index.html]
[myhometheme.net/agent/offer-type/sale/page/5/index.html]
[myhometheme.net/agent/offer-type/rent/page/5/index.html]
[myhometheme.net/agent/offer-type/rent/page/5/index.html]
[myhometheme.net/agent/properties/page/6/index.html]
[myhometheme.net/agent/properties/page/7/index.html]
[myhometheme.net/agent/properties/page/6/index.html]
[s1.sinaedge.com/whba18a.gif]
[myhometheme.net/agent/properties/page/7/index.html]
[myhometheme.net/agent/properties/page/8/index.html]
[myhometheme.net/agent/properties/page/8/index.html]
[myhometheme.net/agent/properties/page/9/index.html]
[myhometheme.net/agent/properties/page/9/index.html]
